[2026-09-25 16:06:22] Food added
[2026-09-25 16:07:29] Meals viewed
[2026-09-25 16:07:31] Meals viewed
[2026-09-25 16:07:32] Meals viewed
[2026-09-25 16:07:32] Meals viewed
[2026-09-25 16:07:33] Meals viewed
[2026-09-25 16:07:33] Meals viewed
[2026-09-25 16:07:33] Meals viewed
[2026-09-25 16:08:33] Meals viewed
[2026-09-25 16:08:34] Meals viewed
[2026-09-25 16:08:35] Meals viewed
[2026-09-25 16:08:41] Food added
[2026-09-25 16:08:47] Food added
[2026-09-25 16:08:48] Nutrition summary viewed
[2026-09-25 16:08:48] Daily calorie summary viewed
[2026-09-25 16:08:49] Program exited
[2026-09-25 16:09:48] Meals viewed
[2026-09-25 16:09:52] Meals viewed
[2026-09-25 16:11:47] Meals viewed
[2026-09-28 15:25:02] Daily calorie goal updated
[2026-09-28 15:25:06] Daily calorie summary viewed
[2026-09-28 15:41:13] Meals viewed
[2026-09-28 15:41:36] Daily calorie goal updated
[2026-09-28 15:41:55] Daily calorie summary viewed
[2026-09-28 15:42:24] Meal edited: kaju
[2026-09-28 15:46:13] Meals viewed
[2026-09-28 15:46:30] Daily calorie summary viewed
[2026-09-29 21:25:26] Meals viewed
[2026-09-29 21:25:37] Daily calorie summary viewed
[2026-09-29 21:25:41] Nutrition summary viewed
[2026-09-29 21:25:48] Daily calorie goal updated
[2026-09-29 21:25:51] Meal deleted: chicken
[2026-09-29 21:25:55] Program exited
